 WARN  Unsupported engine: wanted: {"node":">=25.4.0"} (current: {"node":"v22.22.0","pnpm":"10.17.1"})

> zaneenterprise@1.1.0 build /app
> next build

▲ Next.js 16.1.4 (Turbopack)

  Creating an optimized production build ...
✓ Compiled successfully in 16.2s
  Running TypeScript ...
  Collecting page data using 3 workers ...
  Generating static pages using 3 workers (0/6) ...
  Generating static pages using 3 workers (1/6)
  Generating static pages using 3 workers (2/6)
  Generating static pages using 3 workers (4/6)
✓ Generating static pages using 3 workers (6/6) in 385.5ms
  Finalizing page optimization ...

Route (app)
┌ ○ /
├ ○ /_not-found
├ ƒ /api/health
├ ○ /contact
└ ○ /portfolio


○  (Static)   prerendered as static content
ƒ  (Dynamic)  server-rendered on demand
